I'm sorry, but errors were detected in your script. Please correct the
errors listed below, and try again.


File "game/main/time_screen.rpy", line 253: expected 'simple_expression' not found.
    xpos  
          ^

Ren'Py Version: Ren'Py 8.2.1.24030407
Tue Jul  2 00:11:31 2024
